Daemon process terminated and closed the connection

Messages from the log:
    at c:\Users\gauri\Documents\GitHub\fcc\node_modules\nx\src\daemon\server\server.js:394:20
    at new Promise (<anonymous>)
    at startServer (c:\Users\gauri\Documents\GitHub\fcc\node_modules\nx\src\daemon\server\server.js:392:12)
    at async c:\Users\gauri\Documents\GitHub\fcc\node_modules\nx\src\daemon\server\start.js:8:9
Emitted 'error' event on Server instance at:
    at emitErrorNT (node:net:1975:8)
    at process.processTicksAndRejections (node:internal/process/task_queues:90:21) {
  code: 'EADDRINUSE',
  errno: -4091,
  syscall: 'listen',
  address: '\\\\.\\pipe\\nx\\C:\\Users\\gauri\\AppData\\Local\\Temp\\5c2835a7a39e43ee8e65\\d.sock',
  port: -1
}

Node.js v22.16.0
[NX v22.0.2 Daemon Server] - 2025-11-10T23:48:29.113Z - Closed a connection. Number of open connections: 0
[NX v22.0.2 Daemon Server] - 2025-11-10T23:48:29.113Z - [WATCHER]: Stopping the watcher for c:\Users\gauri\Documents\GitHub\fcc (sources)
[NX v22.0.2 Daemon Server] - 2025-11-10T23:48:29.114Z - [WATCHER]: Stopping the watcher for c:\Users\gauri\Documents\GitHub\fcc (outputs)
[NX v22.0.2 Daemon Server] - 2025-11-10T23:48:29.114Z - Server stopped because: "this process is no longer the current daemon (native)"



More information: c:\Users\gauri\Documents\GitHub\fcc\.nx\workspace-data\d\daemon.log